../Core/Inc/mag/mag_hal.h:46:22:MAG_Init	16	static
../Core/Src/imu/icm20948_drv.c:49:34:to_icm	16	static
../Core/Src/imu/icm20948_drv.c:55:15:set_bank	32	static
../Core/Src/imu/icm20948_drv.c:65:15:write_reg	24	static
../Core/Src/imu/icm20948_drv.c:71:15:read_reg	32	static
../Core/Src/imu/icm20948_drv.c:82:15:ak09916_write	16	static
../Core/Src/imu/icm20948_drv.c:94:15:ak09916_setup_read	16	static
../Core/Src/imu/icm20948_drv.c:108:15:icm20948_init	24	static
../Core/Src/imu/icm20948_drv.c:143:15:icm20948_deinit	24	static
../Core/Src/imu/icm20948_drv.c:149:15:icm20948_read_raw	40	static
../Core/Src/imu/icm20948_drv.c:166:15:icm20948_set_accel_range	24	static
../Core/Src/imu/icm20948_drv.c:176:15:icm20948_set_gyro_range	24	static
../Core/Src/imu/icm20948_drv.c:186:15:icm20948_who_am_i	32	static
../Core/Src/imu/icm20948_drv.c:196:15:ak09916_init	32	static
../Core/Src/imu/icm20948_drv.c:238:15:ak09916_deinit	24	static
../Core/Src/imu/icm20948_drv.c:244:15:ak09916_read_raw	40	static
../Core/Src/imu/icm20948_drv.c:261:15:ak09916_data_ready	16	static
../Core/Src/imu/icm20948_drv.c:273:15:ak09916_who_am_i	32	static
../Core/Src/imu/icm20948_drv.c:307:6:ICM20948_HandleInit	24	static
../Core/Src/imu/icm20948_drv.c:336:8:ICM20948_CalibrateGyro	56	static
