../Drivers/CMSIS/Include/core_cm4.h:2059:26:ITM_SendChar	16	static,ignoring_inline_asm
../Core/Inc/imu/imu_hal.h:71:22:IMU_Init	16	static
../Core/Inc/imu/imu_hal.h:78:22:IMU_ReadRaw	24	static
../Core/Inc/mag/mag_hal.h:60:20:MAG_SetBias	24	static
../Core/Inc/mag/mag_hal.h:68:22:MAG_ReadCorrected	24	static
../Core/Src/main.c:114:6:HAL_TIM_PeriodElapsedCallback	16	static
../Core/Src/main.c:127:15:i2c_read	40	static
../Core/Src/main.c:136:15:i2c_write	56	static
../Core/Src/main.c:148:15:spi2_read	32	static
../Core/Src/main.c:162:15:spi2_write	32	static
../Core/Src/main.c:179:5:main	24	static
../Core/Src/main.c:285:6:SystemClock_Config	96	static
../Core/Src/main.c:335:13:MX_I2C1_Init	8	static
../Core/Src/main.c:383:13:MX_SPI2_Init	8	static
../Core/Src/main.c:423:13:MX_TIM4_Init	40	static
../Core/Src/main.c:467:13:MX_USART2_UART_Init	8	static
../Core/Src/main.c:500:13:MX_DMA_Init	16	static
../Core/Src/main.c:518:13:MX_GPIO_Init	48	static
../Core/Src/main.c:564:5:_write	32	static
../Core/Src/main.c:579:6:Error_Handler	4	static,ignoring_inline_asm
