../Drivers/CMSIS/Include/core_cm4.h:2059:26:ITM_SendChar	16	static,ignoring_inline_asm
../Core/Inc/imu/imu_hal.h:74:22:IMU_Init	16	static
../Core/Inc/imu/imu_hal.h:80:22:IMU_ReadRaw	16	static
../Core/Inc/mag/mag_hal.h:61:20:MAG_SetBias	24	static
../Core/Inc/mag/mag_hal.h:69:22:MAG_ReadCorrected	24	static
../Core/Src/main.c:72:6:HAL_TIM_PeriodElapsedCallback	16	static
../Core/Src/main.c:83:15:spi2_read	32	static
../Core/Src/main.c:97:15:spi2_write	32	static
../Core/Src/main.c:114:5:main	24	static
../Core/Src/main.c:177:6:SystemClock_Config	96	static
../Core/Src/main.c:227:13:MX_SPI2_Init	8	static
../Core/Src/main.c:267:13:MX_TIM4_Init	40	static
../Core/Src/main.c:311:13:MX_USART2_UART_Init	8	static
../Core/Src/main.c:344:13:MX_DMA_Init	16	static
../Core/Src/main.c:362:13:MX_GPIO_Init	48	static
../Core/Src/main.c:408:5:_write	32	static
../Core/Src/main.c:423:6:Error_Handler	4	static,ignoring_inline_asm
